Jan  1 00:04:29 Control_Box auth.info sshd[256]: Connection closed by invalid user root 172.29.4.59 port 41462 [preauth]
Jan  1 00:05:18 Control_Box auth.err sshd[267]: error: Could not get shadow information for root
Jan  1 00:05:18 Control_Box auth.info sshd[267]: Accepted none for root from 172.29.4.59 port 52620 ssh2
Jan  1 00:05:18 Control_Box auth.info sshd[267]: Received disconnect from 172.29.4.59 port 52620:11: disconnected by user
Jan  1 00:05:18 Control_Box auth.info sshd[267]: Disconnected from user root 172.29.4.59 port 52620
Jan  1 00:00:02 Control_Box syslog.info syslogd started: BusyBox v1.35.0
Jan  1 00:00:02 Control_Box daemon.info : starting pid 216, tty '': '-/bin/sh'
Jan  1 00:00:05 Control_Box auth.info sshd[237]: Server listening on 0.0.0.0 port 22.
Jan  1 00:02:53 Control_Box daemon.info : The system is going down NOW!
Jan  1 00:02:53 Control_Box syslog.info syslogd exiting
Jan  1 00:00:02 Control_Box syslog.info syslogd started: BusyBox v1.35.0
Jan  1 00:00:02 Control_Box daemon.info : starting pid 211, tty '': '-/bin/sh'
Jan  1 00:00:05 Control_Box auth.info sshd[233]: Server listening on 0.0.0.0 port 22.
Jan  1 00:00:19 Control_Box daemon.info : The system is going down NOW!
Jan  1 00:00:19 Control_Box syslog.info syslogd exiting
Jan  1 00:00:02 Control_Box syslog.info syslogd started: BusyBox v1.35.0
Jan  1 00:00:02 Control_Box daemon.info : starting pid 214, tty '': '-/bin/sh'
Jan  1 00:00:05 Control_Box auth.info sshd[235]: Server listening on 0.0.0.0 port 22.
Jan  1 00:04:54 Control_Box daemon.info : The system is going down NOW!
Jan  1 00:04:54 Control_Box syslog.info syslogd exiting
Jan  1 00:00:02 Control_Box syslog.info syslogd started: BusyBox v1.35.0
Jan  1 00:00:02 Control_Box daemon.info : starting pid 207, tty '': '-/bin/sh'
Jan  1 00:00:04 Control_Box auth.info sshd[230]: Server listening on 0.0.0.0 port 22.
Jan  1 00:00:35 Control_Box authpriv.crit useradd[237]: cannot open login definitions /etc/login.defs [No such file or directory]
Jan  1 00:01:39 Control_Box auth.err sshd[244]: error: Could not get shadow information for root
Jan  1 00:01:39 Control_Box auth.info sshd[244]: Accepted none for root from 172.29.4.59 port 48572 ssh2
Jan  1 00:01:39 Control_Box auth.info sshd[247]: lastlog_openseek: Couldn't stat /var/log/lastlog: No such file or directory
Jan  1 00:01:39 Control_Box auth.info sshd[247]: lastlog_openseek: Couldn't stat /var/log/lastlog: No such file or directory
Jan  1 00:00:02 Control_Box syslog.info syslogd started: BusyBox v1.35.0
Jan  1 00:00:02 Control_Box daemon.info : starting pid 215, tty '': '-/bin/sh'
Jan  1 00:00:04 Control_Box auth.info sshd[236]: Server listening on 0.0.0.0 port 22.
Jan  1 00:00:15 Control_Box daemon.info : The system is going down NOW!
Jan  1 00:00:15 Control_Box syslog.info syslogd exiting
Jan  1 00:00:02 Control_Box syslog.info syslogd started: BusyBox v1.35.0
Jan  1 00:00:02 Control_Box daemon.info : starting pid 208, tty '': '-/bin/sh'
Jan  1 00:00:05 Control_Box auth.info sshd[222]: Server listening on 0.0.0.0 port 22.
Jan  1 00:01:05 Control_Box auth.err sshd[233]: error: Could not get shadow information for root
Jan  1 00:01:05 Control_Box auth.info sshd[233]: Accepted none for root from 172.29.4.59 port 54298 ssh2
Jan  1 00:01:05 Control_Box auth.info sshd[233]: Received disconnect from 172.29.4.59 port 54298:11: disconnected by user
Jan  1 00:01:05 Control_Box auth.info sshd[233]: Disconnected from user root 172.29.4.59 port 54298
Jan  1 00:01:11 Control_Box auth.err sshd[237]: error: Could not get shadow information for root
Jan  1 00:01:17 Control_Box auth.info sshd[237]: Connection closed by authenticating user root 172.29.4.59 port 54310 [preauth]
Jan  1 00:01:25 Control_Box auth.err sshd[240]: error: Could not get shadow information for root
Jan  1 00:01:27 Control_Box auth.info sshd[240]: Accepted password for root from 172.29.4.59 port 51162 ssh2
Jan  1 00:01:27 Control_Box auth.info sshd[240]: Received disconnect from 172.29.4.59 port 51162:11: disconnected by user
Jan  1 00:01:27 Control_Box auth.info sshd[240]: Disconnected from user root 172.29.4.59 port 51162
Jan  1 00:02:49 Control_Box daemon.info : The system is going down NOW!
Jan  1 00:02:49 Control_Box syslog.info syslogd exiting
Jan  1 00:00:02 Control_Box syslog.info syslogd started: BusyBox v1.35.0
Jan  1 00:00:02 Control_Box daemon.info : starting pid 208, tty '': '-/bin/sh'
Jan  1 00:00:05 Control_Box auth.info sshd[223]: Server listening on 0.0.0.0 port 22.
Jan  1 00:00:17 Control_Box daemon.info : The system is going down NOW!
Jan  1 00:00:17 Control_Box syslog.info syslogd exiting
Jan  1 00:00:02 Control_Box syslog.info syslogd started: BusyBox v1.35.0
Jan  1 00:00:02 Control_Box daemon.info : starting pid 207, tty '': '-/bin/sh'
Jan  1 00:00:05 Control_Box auth.info sshd[225]: Server listening on 0.0.0.0 port 22.
Jan  1 00:00:52 Control_Box auth.err sshd[232]: error: Could not get shadow information for root
Jan  1 00:00:55 Control_Box auth.info sshd[232]: Accepted password for root from 172.29.4.59 port 56894 ssh2
Jan  1 00:00:55 Control_Box auth.info sshd[235]: lastlog_openseek: Couldn't stat /var/log/lastlog: No such file or directory
Jan  1 00:00:55 Control_Box auth.info sshd[235]: lastlog_openseek: Couldn't stat /var/log/lastlog: No such file or directory
Jan  1 00:05:15 Control_Box auth.info sshd[232]: Received disconnect from 172.29.4.59 port 56894:11: disconnected by user
Jan  1 00:05:15 Control_Box auth.info sshd[232]: Disconnected from user root 172.29.4.59 port 56894
Jan  1 00:05:15 Control_Box auth.err sshd[290]: error: Could not get shadow information for root
Jan  1 00:05:19 Control_Box auth.info sshd[290]: Failed password for root from 172.29.4.59 port 48624 ssh2
Jan  1 00:05:21 Control_Box auth.info sshd[290]: Failed password for root from 172.29.4.59 port 48624 ssh2
Jan  1 00:05:22 Control_Box auth.info sshd[290]: Connection closed by authenticating user root 172.29.4.59 port 48624 [preauth]
Jan  1 00:06:07 Control_Box auth.err sshd[296]: error: Could not get shadow information for root
Jan  1 00:06:12 Control_Box auth.info sshd[296]: Accepted password for root from 172.29.4.59 port 57960 ssh2
Jan  1 00:06:12 Control_Box auth.info sshd[299]: lastlog_openseek: Couldn't stat /var/log/lastlog: No such file or directory
Jan  1 00:06:12 Control_Box auth.info sshd[299]: lastlog_openseek: Couldn't stat /var/log/lastlog: No such file or directory
Jan  1 00:13:30 Control_Box auth.err passwd: unknown uid 0
Jan  1 00:14:34 Control_Box auth.info sshd[296]: Received disconnect from 172.29.4.59 port 57960:11: disconnected by user
Jan  1 00:14:34 Control_Box auth.info sshd[296]: Disconnected from user root 172.29.4.59 port 57960
Jan  1 00:14:35 Control_Box auth.err sshd[350]: error: Could not get shadow information for root
Jan  1 00:14:38 Control_Box auth.info sshd[350]: Accepted password for root from 172.29.4.59 port 40838 ssh2
Jan  1 00:14:38 Control_Box auth.info sshd[353]: lastlog_openseek: Couldn't stat /var/log/lastlog: No such file or directory
Jan  1 00:14:38 Control_Box auth.info sshd[353]: lastlog_openseek: Couldn't stat /var/log/lastlog: No such file or directory
Jan  1 00:14:40 Control_Box auth.info sshd[350]: Received disconnect from 172.29.4.59 port 40838:11: disconnected by user
Jan  1 00:14:40 Control_Box auth.info sshd[350]: Disconnected from user root 172.29.4.59 port 40838
                                                                                                                                                                                                                                              Jan  1 00:00:02 Control_Box syslog.info syslogd started: BusyBox v1.35.0
Jan  1 00:00:02 Control_Box daemon.info : starting pid 209, tty '': '-/bin/sh'
Jan  1 00:00:05 Control_Box auth.info sshd[223]: Server listening on 0.0.0.0 port 22.
                                                                                                                                                                                                                                                                                                                                                                                                                                                                                                                                                                                                                                                                                                      Jan  1 00:00:02 Control_Box syslog.info syslogd started: BusyBox v1.35.0
Jan  1 00:00:02 Control_Box daemon.info : starting pid 204, tty '': '-/bin/sh'
Jan  1 00:00:05 Control_Box auth.info sshd[221]: Server listening on 0.0.0.0 port 22.
Jan  1 00:00:02 Control_Box syslog.info syslogd started: BusyBox v1.35.0
Jan  1 00:00:02 Control_Box daemon.info : starting pid 207, tty '': '-/bin/sh'
Jan  1 00:00:05 Control_Box auth.info sshd[219]: Server listening on 0.0.0.0 port 22.
Jan  1 00:00:02 Control_Box syslog.info syslogd started: BusyBox v1.35.0
Jan  1 00:00:02 Control_Box daemon.info : starting pid 215, tty '': '-/bin/sh'
Jan  1 00:00:05 Control_Box auth.info sshd[227]: Server listening on 0.0.0.0 port 22.
Jan  1 00:00:02 Control_Box syslog.info syslogd started: BusyBox v1.35.0
Jan  1 00:00:02 Control_Box daemon.info : starting pid 203, tty '': '-/bin/sh'
Jan  1 00:00:05 Control_Box auth.info sshd[221]: Server listening on 0.0.0.0 port 22.
Jan  1 00:00:02 Control_Box syslog.info syslogd started: BusyBox v1.35.0
Jan  1 00:00:02 Control_Box daemon.info : starting pid 205, tty '': '-/bin/sh'
Jan  1 00:00:05 Control_Box auth.info sshd[219]: Server listening on 0.0.0.0 port 22.
Jan  1 00:00:02 Control_Box syslog.info syslogd started: BusyBox v1.35.0
Jan  1 00:00:02 Control_Box daemon.info : starting pid 202, tty '': '-/bin/sh'
Jan  1 00:00:05 Control_Box auth.info sshd[222]: Server listening on 0.0.0.0 port 22.
Jan  1 00:00:02 Control_Box syslog.info syslogd started: BusyBox v1.35.0
Jan  1 00:00:02 Control_Box daemon.info : starting pid 201, tty '': '-/bin/sh'
Jan  1 00:00:06 Control_Box auth.info sshd[220]: Server listening on 0.0.0.0 port 22.
Jan  1 00:00:02 Control_Box syslog.info syslogd started: BusyBox v1.35.0
Jan  1 00:00:02 Control_Box daemon.info : starting pid 205, tty '': '-/bin/sh'
Jan  1 00:00:05 Control_Box auth.info sshd[221]: Server listening on 0.0.0.0 port 22.
Jan  1 00:00:02 Control_Box syslog.info syslogd started: BusyBox v1.35.0
Jan  1 00:00:02 Control_Box daemon.info : starting pid 216, tty '': '-/bin/sh'
Jan  1 00:00:06 Control_Box auth.info sshd[228]: Server listening on 0.0.0.0 port 22.
                                                                                                                                                                                                                                              Jan  1 00:00:02 Control_Box syslog.info syslogd started: BusyBox v1.35.0
Jan  1 00:00:02 Control_Box daemon.info : starting pid 205, tty '': '-/bin/sh'
Jan  1 00:00:05 Control_Box auth.info sshd[224]: Server listening on 0.0.0.0 port 22.
Jan  1 00:01:04 Control_Box auth.err sshd[229]: error: Could not get shadow information for root
Jan  1 00:01:07 Control_Box auth.info sshd[229]: Accepted password for root from 172.29.4.59 port 37950 ssh2
Jan  1 00:01:07 Control_Box auth.info sshd[232]: lastlog_openseek: Couldn't stat /var/log/lastlog: No such file or directory
Jan  1 00:01:07 Control_Box auth.info sshd[232]: lastlog_openseek: Couldn't stat /var/log/lastlog: No such file or directory
Jan  1 00:05:08 Control_Box auth.err sshd[253]: error: Could not get shadow information for root
Jan  1 00:05:11 Control_Box auth.info sshd[253]: Accepted password for root from 172.29.4.59 port 53952 ssh2
Jan  1 00:05:11 Control_Box auth.info sshd[253]: Received disconnect from 172.29.4.59 port 53952:11: disconnected by user
Jan  1 00:05:11 Control_Box auth.info sshd[253]: Disconnected from user root 172.29.4.59 port 53952
Jan  1 00:00:02 Control_Box syslog.info syslogd started: BusyBox v1.35.0
Jan  1 00:00:02 Control_Box daemon.info : starting pid 209, tty '': '-/bin/sh'
Jan  1 00:00:05 Control_Box auth.info sshd[222]: Server listening on 0.0.0.0 port 22.
Jan  1 00:00:02 Control_Box syslog.info syslogd started: BusyBox v1.35.0
Jan  1 00:00:02 Control_Box daemon.info : starting pid 211, tty '': '-/bin/sh'
Jan  1 00:00:05 Control_Box auth.info sshd[222]: Server listening on 0.0.0.0 port 22.
Jan  1 00:07:28 Control_Box auth.err sshd[231]: error: Could not get shadow information for root
Jan  1 00:07:28 Control_Box auth.info sshd[231]: Connection closed by authenticating user root 172.29.4.59 port 49202 [preauth]
Jan  1 00:07:32 Control_Box auth.err sshd[234]: error: Could not get shadow information for root
Jan  1 00:07:32 Control_Box auth.info sshd[234]: Connection closed by authenticating user root 172.29.4.59 port 35038 [preauth]
Jan  1 00:07:33 Control_Box auth.err sshd[237]: error: Could not get shadow information for root
Jan  1 00:07:33 Control_Box auth.info sshd[237]: Connection closed by authenticating user root 172.29.4.59 port 35052 [preauth]
Jan  1 00:07:33 Control_Box auth.err sshd[240]: error: Could not get shadow information for root
Jan  1 00:07:33 Control_Box auth.info sshd[240]: Connection closed by authenticating user root 172.29.4.59 port 35054 [preauth]
Jan  1 00:07:46 Control_Box auth.err sshd[244]: error: Could not get shadow information for root
Jan  1 00:07:49 Control_Box auth.info sshd[244]: Accepted password for root from 172.29.4.59 port 48486 ssh2
Jan  1 00:07:50 Control_Box auth.info sshd[244]: Received disconnect from 172.29.4.59 port 48486:11: disconnected by user
Jan  1 00:07:50 Control_Box auth.info sshd[244]: Disconnected from user root 172.29.4.59 port 48486
Jan  1 00:00:02 Control_Box syslog.info syslogd started: BusyBox v1.35.0
Jan  1 00:00:02 Control_Box daemon.info : starting pid 203, tty '': '-/bin/sh'
Jan  1 00:00:05 Control_Box auth.info sshd[218]: Server listening on 0.0.0.0 port 22.
Jan  1 00:01:31 Control_Box auth.err sshd[222]: error: Could not get shadow information for root
Jan  1 00:01:34 Control_Box auth.info sshd[222]: Accepted password for root from 172.29.4.59 port 33184 ssh2
Jan  1 00:01:35 Control_Box auth.info sshd[222]: Received disconnect from 172.29.4.59 port 33184:11: disconnected by user
Jan  1 00:01:35 Control_Box auth.info sshd[222]: Disconnected from user root 172.29.4.59 port 33184
Jan  1 00:00:02 Control_Box syslog.info syslogd started: BusyBox v1.35.0
Jan  1 00:00:02 Control_Box daemon.info : starting pid 205, tty '': '-/bin/sh'
Jan  1 00:00:05 Control_Box auth.info sshd[220]: Server listening on 0.0.0.0 port 22.
Jan  1 00:01:40 Control_Box auth.err sshd[228]: error: Could not get shadow information for root
Jan  1 00:01:42 Control_Box auth.info sshd[228]: Accepted password for root from 172.29.4.59 port 54688 ssh2
Jan  1 00:01:42 Control_Box auth.info sshd[231]: lastlog_openseek: Couldn't stat /var/log/lastlog: No such file or directory
Jan  1 00:01:42 Control_Box auth.info sshd[231]: lastlog_openseek: Couldn't stat /var/log/lastlog: No such file or directory
Jan  1 00:00:02 Control_Box syslog.info syslogd started: BusyBox v1.35.0
Jan  1 00:00:02 Control_Box daemon.info : starting pid 214, tty '': '-/bin/sh'
Jan  1 00:00:05 Control_Box auth.info sshd[227]: Server listening on 0.0.0.0 port 22.
Jan  1 00:00:02 Control_Box syslog.info syslogd started: BusyBox v1.35.0
Jan  1 00:00:02 Control_Box daemon.info : starting pid 208, tty '': '-/bin/sh'
Jan  1 00:00:05 Control_Box auth.info sshd[222]: Server listening on 0.0.0.0 port 22.
Jan  1 00:00:02 Control_Box syslog.info syslogd started: BusyBox v1.35.0
Jan  1 00:00:02 Control_Box daemon.info : starting pid 208, tty '': '-/bin/sh'
Jan  1 00:00:05 Control_Box auth.info sshd[221]: Server listening on 0.0.0.0 port 22.
Jan  1 00:00:02 Control_Box syslog.info syslogd started: BusyBox v1.35.0
Jan  1 00:00:02 Control_Box daemon.info : starting pid 208, tty '': '-/bin/sh'
Jan  1 00:00:05 Control_Box auth.info sshd[222]: Server listening on 0.0.0.0 port 22.
Jan  1 00:00:02 Control_Box syslog.info syslogd started: BusyBox v1.35.0
Jan  1 00:00:02 Control_Box daemon.info : starting pid 205, tty '': '-/bin/sh'
Jan  1 00:00:05 Control_Box auth.info sshd[222]: Server listening on 0.0.0.0 port 22.
Jan  1 00:00:02 Control_Box syslog.info syslogd started: BusyBox v1.35.0
Jan  1 00:00:02 Control_Box daemon.info : starting pid 213, tty '': '-/bin/sh'
Jan  1 00:00:05 Control_Box auth.info sshd[224]: Server listening on 0.0.0.0 port 22.
Jan  1 00:11:24 Control_Box daemon.info : The system is going down NOW!
Jan  1 00:11:24 Control_Box syslog.info syslogd exiting
Jan  1 00:00:02 Control_Box syslog.info syslogd started: BusyBox v1.35.0
Jan  1 00:00:02 Control_Box daemon.info : starting pid 202, tty '': '-/bin/sh'
Jan  1 00:00:05 Control_Box auth.info sshd[219]: Server listening on 0.0.0.0 port 22.
Jan  1 00:00:29 Control_Box auth.err sshd[222]: error: Could not get shadow information for root
Jan  1 00:00:32 Control_Box auth.info sshd[222]: Accepted password for root from 172.29.4.59 port 58304 ssh2
Jan  1 00:00:34 Control_Box auth.info sshd[222]: Received disconnect from 172.29.4.59 port 58304:11: disconnected by user
Jan  1 00:00:34 Control_Box auth.info sshd[222]: Disconnected from user root 172.29.4.59 port 58304
Jan  1 00:00:02 Control_Box syslog.info syslogd started: BusyBox v1.35.0
Jan  1 00:00:02 Control_Box daemon.info : starting pid 205, tty '': '-/bin/sh'
Jan  1 00:00:05 Control_Box auth.info sshd[217]: Server listening on 0.0.0.0 port 22.
Jan  1 00:01:34 Control_Box daemon.info : The system is going down NOW!
Jan  1 00:01:34 Control_Box syslog.info syslogd exiting
Jan  1 00:00:02 Control_Box syslog.info syslogd started: BusyBox v1.35.0
Jan  1 00:00:02 Control_Box daemon.info : starting pid 211, tty '': '-/bin/sh'
Jan  1 00:00:06 Control_Box auth.info sshd[222]: Server listening on 0.0.0.0 port 22.
Jan  1 00:00:09 Control_Box auth.err sshd[224]: error: Could not get shadow information for root
Jan  1 00:00:11 Control_Box auth.info sshd[224]: Accepted password for root from 172.29.4.59 port 55554 ssh2
Jan  1 00:00:13 Control_Box auth.info sshd[224]: Received disconnect from 172.29.4.59 port 55554:11: disconnected by user
Jan  1 00:00:13 Control_Box auth.info sshd[224]: Disconnected from user root 172.29.4.59 port 55554
                                                                                                                                                                                                                                              Jan  1 00:00:02 Control_Box syslog.info syslogd started: BusyBox v1.35.0
Jan  1 00:00:02 Control_Box daemon.info : starting pid 212, tty '': '-/bin/sh'
Jan  1 00:00:05 Control_Box auth.info sshd[223]: Server listening on 0.0.0.0 port 22.
                                                                                                                                                                                                                                                                                                                                                                                                                                                                                            Jan  1 00:00:02 Control_Box syslog.info syslogd started: BusyBox v1.35.0
Jan  1 00:00:02 Control_Box daemon.info : starting pid 200, tty '': '-/bin/sh'
Jan  1 00:00:05 Control_Box auth.info sshd[217]: Server listening on 0.0.0.0 port 22.
Jan  1 00:02:09 Control_Box auth.err sshd[222]: error: Could not get shadow information for root
Jan  1 00:02:13 Control_Box auth.info sshd[222]: Accepted password for root from 172.29.4.29 port 2170 ssh2
Jan  1 00:02:18 Control_Box auth.err sshd[226]: error: Could not get shadow information for root
Jan  1 00:02:19 Control_Box auth.info sshd[226]: Connection closed by authenticating user root 172.29.4.29 port 2172 [preauth]
Jan  1 00:02:47 Control_Box auth.err sshd[229]: error: Could not get shadow information for root
Jan  1 00:02:50 Control_Box auth.info sshd[229]: Accepted password for root from 172.29.4.29 port 2181 ssh2
Jan  1 00:02:54 Control_Box auth.err sshd[233]: error: Could not get shadow information for root
Jan  1 00:02:58 Control_Box auth.info sshd[233]: Accepted password for root from 172.29.4.29 port 2188 ssh2
Jan  1 00:04:06 Control_Box auth.err sshd[237]: error: Could not get shadow information for root
Jan  1 00:04:08 Control_Box auth.info sshd[237]: Accepted password for root from 172.29.4.59 port 46160 ssh2
Jan  1 00:04:09 Control_Box auth.info sshd[237]: Received disconnect from 172.29.4.59 port 46160:11: disconnected by user
Jan  1 00:04:09 Control_Box auth.info sshd[237]: Disconnected from user root 172.29.4.59 port 46160
Jan  1 00:00:02 Control_Box syslog.info syslogd started: BusyBox v1.35.0
Jan  1 00:00:02 Control_Box daemon.info : starting pid 213, tty '': '-/bin/sh'
Jan  1 00:00:05 Control_Box auth.info sshd[228]: Server listening on 0.0.0.0 port 22.
Jan  1 00:00:02 Control_Box syslog.info syslogd started: BusyBox v1.35.0
Jan  1 00:00:02 Control_Box daemon.info : starting pid 208, tty '': '-/bin/sh'
Jan  1 00:00:05 Control_Box auth.info sshd[224]: Server listening on 0.0.0.0 port 22.
Jan  1 00:00:02 Control_Box syslog.info syslogd started: BusyBox v1.35.0
Jan  1 00:00:02 Control_Box daemon.info : starting pid 210, tty '': '-/bin/sh'
Jan  1 00:00:05 Control_Box auth.info sshd[223]: Server listening on 0.0.0.0 port 22.
                                                                                                                                                                                                                                                                                                                                                                                                                                                                                            Jan  1 00:00:02 Control_Box syslog.info syslogd started: BusyBox v1.35.0
Jan  1 00:00:02 Control_Box daemon.info : starting pid 207, tty '': '-/bin/sh'
Jan  1 00:00:05 Control_Box auth.info sshd[221]: Server listening on 0.0.0.0 port 22.
                                                                                                                                                                                                                                              Jan  1 00:00:02 Control_Box syslog.info syslogd started: BusyBox v1.35.0
Jan  1 00:00:02 Control_Box daemon.info : starting pid 211, tty '': '-/bin/sh'
Jan  1 00:00:05 Control_Box auth.info sshd[219]: Server listening on 0.0.0.0 port 22.
Jan  1 00:00:02 Control_Box syslog.info syslogd started: BusyBox v1.35.0
Jan  1 00:00:02 Control_Box daemon.info : starting pid 210, tty '': '-/bin/sh'
Jan  1 00:00:05 Control_Box auth.info sshd[222]: Server listening on 0.0.0.0 port 22.
Jan  1 00:00:27 Control_Box daemon.info : The system is going down NOW!
Jan  1 00:00:27 Control_Box syslog.info syslogd exiting
Jan  1 00:00:02 Control_Box syslog.info syslogd started: BusyBox v1.35.0
Jan  1 00:00:02 Control_Box daemon.info : starting pid 216, tty '': '-/bin/sh'
Jan  1 00:00:05 Control_Box auth.info sshd[230]: Server listening on 0.0.0.0 port 22.
Jan  1 00:00:02 Control_Box syslog.info syslogd started: BusyBox v1.35.0
Jan  1 00:00:02 Control_Box daemon.info : starting pid 218, tty '': '-/bin/sh'
Jan  1 00:00:07 Control_Box auth.info sshd[230]: Server listening on 0.0.0.0 port 22.
                                                                                                                                                                                                                                                                                                                                                                                                                                                                                            Jan  1 00:00:02 Control_Box syslog.info syslogd started: BusyBox v1.35.0
Jan  1 00:00:02 Control_Box daemon.info : starting pid 205, tty '': '-/bin/sh'
Jan  1 00:00:07 Control_Box auth.info sshd[224]: Server listening on 0.0.0.0 port 22.
                                                                                                                                                                                                                                              Jan  1 00:00:02 Control_Box syslog.info syslogd started: BusyBox v1.35.0
Jan  1 00:00:02 Control_Box daemon.info : starting pid 209, tty '': '-/bin/sh'
Jan  1 00:00:05 Control_Box auth.info sshd[222]: Server listening on 0.0.0.0 port 22.
Jan  1 00:00:27 Control_Box daemon.info : The system is going down NOW!
Jan  1 00:00:27 Control_Box syslog.info syslogd exiting
Jan  1 00:00:02 Control_Box syslog.info syslogd started: BusyBox v1.35.0
Jan  1 00:00:02 Control_Box daemon.info : starting pid 214, tty '': '-/bin/sh'
Jan  1 00:00:05 Control_Box auth.info sshd[227]: Server listening on 0.0.0.0 port 22.
Jan  1 00:00:02 Control_Box syslog.info syslogd started: BusyBox v1.35.0
Jan  1 00:00:02 Control_Box daemon.info : starting pid 200, tty '': '-/bin/sh'
Jan  1 00:00:05 Control_Box auth.info sshd[218]: Server listening on 0.0.0.0 port 22.
Jan  1 00:00:31 Control_Box daemon.info : The system is going down NOW!
Jan  1 00:00:31 Control_Box syslog.info syslogd exiting
                                                                                                                                                                                                                                              Jan  1 00:00:02 Control_Box syslog.info syslogd started: BusyBox v1.35.0
Jan  1 00:00:02 Control_Box daemon.info : starting pid 205, tty '': '-/bin/sh'
Jan  1 00:00:05 Control_Box auth.info sshd[218]: Server listening on 0.0.0.0 port 22.
Jan  1 00:00:14 Control_Box daemon.info : The system is going down NOW!
Jan  1 00:00:14 Control_Box syslog.info syslogd exiting
Jan  1 00:00:02 Control_Box syslog.info syslogd started: BusyBox v1.35.0
Jan  1 00:00:02 Control_Box daemon.info : starting pid 204, tty '': '-/bin/sh'
Jan  1 00:00:05 Control_Box auth.info sshd[220]: Server listening on 0.0.0.0 port 22.
Jan  1 00:00:11 Control_Box auth.err sshd[223]: error: Could not get shadow information for root
Jan  1 00:00:13 Control_Box auth.info sshd[223]: Accepted password for root from 172.29.4.59 port 57502 ssh2
Jan  1 00:00:14 Control_Box auth.info sshd[223]: Received disconnect from 172.29.4.59 port 57502:11: disconnected by user
Jan  1 00:00:14 Control_Box auth.info sshd[223]: Disconnected from user root 172.29.4.59 port 57502
Jan  1 00:00:02 Control_Box syslog.info syslogd started: BusyBox v1.35.0
Jan  1 00:00:02 Control_Box daemon.info : starting pid 209, tty '': '-/bin/sh'
Jan  1 00:00:05 Control_Box auth.info sshd[223]: Server listening on 0.0.0.0 port 22.
Jan  1 00:01:57 Control_Box auth.err sshd[230]: error: Could not get shadow information for root
Jan  1 00:01:59 Control_Box auth.info sshd[230]: Accepted password for root from 172.29.4.59 port 37064 ssh2
Jan  1 00:01:59 Control_Box auth.info sshd[230]: Received disconnect from 172.29.4.59 port 37064:11: disconnected by user
Jan  1 00:01:59 Control_Box auth.info sshd[230]: Disconnected from user root 172.29.4.59 port 37064
Jan  1 00:02:06 Control_Box daemon.info : The system is going down NOW!
Jan  1 00:02:06 Control_Box syslog.info syslogd exiting
Jan  1 00:00:02 Control_Box syslog.info syslogd started: BusyBox v1.35.0
Jan  1 00:00:02 Control_Box daemon.info : starting pid 207, tty '': '-/bin/sh'
Jan  1 00:00:05 Control_Box auth.info sshd[221]: Server listening on 0.0.0.0 port 22.
Jan  1 00:00:02 Control_Box syslog.info syslogd started: BusyBox v1.35.0
Jan  1 00:00:02 Control_Box daemon.info : starting pid 205, tty '': '-/bin/sh'
Jan  1 00:00:05 Control_Box auth.info sshd[219]: Server listening on 0.0.0.0 port 22.
Jan  1 00:00:02 Control_Box syslog.info syslogd started: BusyBox v1.35.0
Jan  1 00:00:02 Control_Box daemon.info : starting pid 210, tty '': '-/bin/sh'
Jan  1 00:00:05 Control_Box auth.info sshd[223]: Server listening on 0.0.0.0 port 22.
Jan  1 00:00:02 Control_Box syslog.info syslogd started: BusyBox v1.35.0
Jan  1 00:00:02 Control_Box daemon.info : starting pid 209, tty '': '-/bin/sh'
Jan  1 00:00:05 Control_Box auth.info sshd[222]: Server listening on 0.0.0.0 port 22.
Jan  1 00:00:58 Control_Box daemon.info : The system is going down NOW!
Jan  1 00:00:58 Control_Box syslog.info syslogd exiting
Jan  1 00:00:02 Control_Box syslog.info syslogd started: BusyBox v1.35.0
Jan  1 00:00:02 Control_Box daemon.info : starting pid 206, tty '': '-/bin/sh'
Jan  1 00:00:05 Control_Box auth.info sshd[221]: Server listening on 0.0.0.0 port 22.
Jan  1 00:00:07 Control_Box auth.err sshd[223]: error: Could not get shadow information for root
Jan  1 00:00:10 Control_Box auth.info sshd[223]: Accepted password for root from 172.29.4.59 port 39496 ssh2
Jan  1 00:00:10 Control_Box auth.info sshd[223]: Received disconnect from 172.29.4.59 port 39496:11: disconnected by user
Jan  1 00:00:10 Control_Box auth.info sshd[223]: Disconnected from user root 172.29.4.59 port 39496
Jan  1 00:00:15 Control_Box auth.err sshd[227]: error: Could not get shadow information for root
Jan  1 00:00:17 Control_Box auth.info sshd[227]: Accepted password for root from 172.29.4.59 port 47376 ssh2
Jan  1 00:00:18 Control_Box auth.info sshd[227]: Received disconnect from 172.29.4.59 port 47376:11: disconnected by user
Jan  1 00:00:18 Control_Box auth.info sshd[227]: Disconnected from user root 172.29.4.59 port 47376
                                                                                                                                                                                                                                              Jan  1 00:00:02 Control_Box syslog.info syslogd started: BusyBox v1.35.0
Jan  1 00:00:02 Control_Box daemon.info : starting pid 210, tty '': '-/bin/sh'
Jan  1 00:00:05 Control_Box auth.info sshd[225]: Server listening on 0.0.0.0 port 22.
Jan  1 00:00:02 Control_Box syslog.info syslogd started: BusyBox v1.35.0
Jan  1 00:00:02 Control_Box daemon.info : starting pid 207, tty '': '-/bin/sh'
Jan  1 00:00:05 Control_Box auth.info sshd[222]: Server listening on 0.0.0.0 port 22.
                                                                                                                                                                                                                                              Jan  1 00:00:02 Control_Box syslog.info syslogd started: BusyBox v1.35.0
Jan  1 00:00:02 Control_Box daemon.info : starting pid 213, tty '': '-/bin/sh'
Jan  1 00:00:05 Control_Box auth.info sshd[224]: Server listening on 0.0.0.0 port 22.
Jan  1 00:00:02 Control_Box syslog.info syslogd started: BusyBox v1.35.0
Jan  1 00:00:02 Control_Box daemon.info : starting pid 215, tty '': '-/bin/sh'
Jan  1 00:00:05 Control_Box auth.info sshd[225]: Server listening on 0.0.0.0 port 22.
Jan  1 00:00:02 Control_Box syslog.info syslogd started: BusyBox v1.35.0
Jan  1 00:00:02 Control_Box daemon.info : starting pid 213, tty '': '-/bin/sh'
Jan  1 00:00:06 Control_Box auth.info sshd[223]: Server listening on 0.0.0.0 port 22.
Jan  1 00:01:04 Control_Box daemon.info : The system is going down NOW!
Jan  1 00:01:04 Control_Box syslog.info syslogd exiting
Jan  1 00:00:02 Control_Box syslog.info syslogd started: BusyBox v1.35.0
Jan  1 00:00:02 Control_Box daemon.info : starting pid 207, tty '': '-/bin/sh'
Jan  1 00:00:05 Control_Box auth.info sshd[219]: Server listening on 0.0.0.0 port 22.
Jan  1 00:00:35 Control_Box auth.err sshd[221]: error: Could not get shadow information for root
Jan  1 00:00:45 Control_Box auth.info sshd[221]: Accepted password for root from 172.29.4.59 port 53230 ssh2
Jan  1 00:00:46 Control_Box auth.info sshd[221]: Received disconnect from 172.29.4.59 port 53230:11: disconnected by user
Jan  1 00:00:46 Control_Box auth.info sshd[221]: Disconnected from user root 172.29.4.59 port 53230
Jan  1 00:01:41 Control_Box auth.err sshd[225]: error: Could not get shadow information for root
Jan  1 00:01:43 Control_Box auth.info sshd[225]: Accepted password for root from 172.29.4.59 port 49430 ssh2
Jan  1 00:01:43 Control_Box auth.info sshd[225]: Received disconnect from 172.29.4.59 port 49430:11: disconnected by user
Jan  1 00:01:43 Control_Box auth.info sshd[225]: Disconnected from user root 172.29.4.59 port 49430
Jan  1 00:00:02 Control_Box syslog.info syslogd started: BusyBox v1.35.0
Jan  1 00:00:02 Control_Box daemon.info : starting pid 211, tty '': '-/bin/sh'
Jan  1 00:00:05 Control_Box auth.info sshd[225]: Server listening on 0.0.0.0 port 22.
Jan  1 00:05:30 Control_Box auth.err sshd[233]: error: Could not get shadow information for root
Jan  1 00:05:32 Control_Box auth.info sshd[233]: Accepted password for root from 172.29.4.59 port 37642 ssh2
Jan  1 00:05:33 Control_Box auth.info sshd[233]: Received disconnect from 172.29.4.59 port 37642:11: disconnected by user
Jan  1 00:05:33 Control_Box auth.info sshd[233]: Disconnected from user root 172.29.4.59 port 37642
Jan  1 00:00:02 Control_Box syslog.info syslogd started: BusyBox v1.35.0
Jan  1 00:00:02 Control_Box daemon.info : starting pid 213, tty '': '-/bin/sh'
Jan  1 00:00:05 Control_Box auth.info sshd[224]: Server listening on 0.0.0.0 port 22.
Jan  1 00:01:16 Control_Box auth.err sshd[228]: error: Could not get shadow information for root
Jan  1 00:01:18 Control_Box auth.info sshd[228]: Accepted password for root from 172.29.4.59 port 40152 ssh2
Jan  1 00:01:19 Control_Box auth.info sshd[228]: Received disconnect from 172.29.4.59 port 40152:11: disconnected by user
Jan  1 00:01:19 Control_Box auth.info sshd[228]: Disconnected from user root 172.29.4.59 port 40152
Jan  1 00:00:02 Control_Box syslog.info syslogd started: BusyBox v1.35.0
Jan  1 00:00:02 Control_Box daemon.info : starting pid 213, tty '': '-/bin/sh'
Jan  1 00:00:05 Control_Box auth.info sshd[226]: Server listening on 0.0.0.0 port 22.
Jan  1 00:04:48 Control_Box auth.err sshd[234]: error: Could not get shadow information for root
Jan  1 00:04:49 Control_Box auth.info sshd[234]: Connection closed by authenticating user root 172.29.4.59 port 53464 [preauth]
Jan  1 00:00:02 Control_Box syslog.info syslogd started: BusyBox v1.35.0
Jan  1 00:00:02 Control_Box daemon.info : starting pid 214, tty '': '-/bin/sh'
Jan  1 00:00:05 Control_Box auth.info sshd[224]: Server listening on 0.0.0.0 port 22.
Jan  1 00:04:26 Control_Box auth.err sshd[228]: error: Could not get shadow information for root
Jan  1 00:04:29 Control_Box auth.info sshd[228]: Accepted password for root from 172.29.4.59 port 46944 ssh2
Jan  1 00:04:30 Control_Box auth.info sshd[228]: Received disconnect from 172.29.4.59 port 46944:11: disconnected by user
Jan  1 00:04:30 Control_Box auth.info sshd[228]: Disconnected from user root 172.29.4.59 port 46944
Jan  1 00:00:02 Control_Box syslog.info syslogd started: BusyBox v1.35.0
Jan  1 00:00:02 Control_Box daemon.info : starting pid 224, tty '': '-/bin/sh'
Jan  1 00:00:05 Control_Box auth.info sshd[230]: Server listening on 0.0.0.0 port 22.
Jan  1 00:07:04 Control_Box auth.err sshd[242]: error: Could not get shadow information for root
Jan  1 00:07:06 Control_Box auth.info sshd[242]: Accepted password for root from 172.29.4.59 port 51320 ssh2
Jan  1 00:07:07 Control_Box auth.info sshd[242]: Received disconnect from 172.29.4.59 port 51320:11: disconnected by user
Jan  1 00:07:07 Control_Box auth.info sshd[242]: Disconnected from user root 172.29.4.59 port 51320
Jan  1 00:00:02 Control_Box syslog.info syslogd started: BusyBox v1.35.0
Jan  1 00:00:03 Control_Box daemon.info : starting pid 219, tty '': '-/bin/sh'
Jan  1 00:00:05 Control_Box auth.info sshd[227]: Server listening on 0.0.0.0 port 22.
Jan  1 00:02:12 Control_Box auth.err sshd[231]: error: Could not get shadow information for root
Jan  1 00:02:13 Control_Box auth.info sshd[231]: Accepted password for root from 172.29.4.59 port 57826 ssh2
Jan  1 00:02:15 Control_Box auth.info sshd[231]: Received disconnect from 172.29.4.59 port 57826:11: disconnected by user
Jan  1 00:02:15 Control_Box auth.info sshd[231]: Disconnected from user root 172.29.4.59 port 57826
Jan  1 00:00:02 Control_Box syslog.info syslogd started: BusyBox v1.35.0
Jan  1 00:00:02 Control_Box daemon.info : starting pid 220, tty '': '-/bin/sh'
Jan  1 00:00:05 Control_Box auth.info sshd[226]: Server listening on 0.0.0.0 port 22.
Jan  1 00:00:02 Control_Box syslog.info syslogd started: BusyBox v1.35.0
Jan  1 00:00:02 Control_Box daemon.info : starting pid 221, tty '': '-/bin/sh'
Jan  1 00:00:05 Control_Box auth.info sshd[228]: Server listening on 0.0.0.0 port 22.
Jan  1 00:00:02 Control_Box syslog.info syslogd started: BusyBox v1.35.0
Jan  1 00:00:02 Control_Box daemon.info : starting pid 218, tty '': '-/bin/sh'
Jan  1 00:00:06 Control_Box auth.info sshd[223]: Server listening on 0.0.0.0 port 22.
Jan  1 00:00:02 Control_Box syslog.info syslogd started: BusyBox v1.35.0
Jan  1 00:00:02 Control_Box daemon.info : starting pid 217, tty '': '-/bin/sh'
Jan  1 00:00:05 Control_Box auth.info sshd[221]: Server listening on 0.0.0.0 port 22.
Jan  1 00:00:02 Control_Box syslog.info syslogd started: BusyBox v1.35.0
Jan  1 00:00:02 Control_Box daemon.info : starting pid 213, tty '': '-/bin/sh'
Jan  1 00:00:05 Control_Box auth.info sshd[221]: Server listening on 0.0.0.0 port 22.
Jan  1 00:00:02 Control_Box syslog.info syslogd started: BusyBox v1.35.0
Jan  1 00:00:05 Control_Box auth.info sshd[218]: Server listening on 0.0.0.0 port 22.
Jan  1 00:00:07 Control_Box daemon.info : starting pid 222, tty '': '-/bin/sh'
Jan  1 00:06:47 Control_Box auth.err sshd[242]: error: Could not get shadow information for root
Jan  1 00:06:51 Control_Box auth.info sshd[242]: Accepted password for root from 172.29.4.59 port 50678 ssh2
Jan  1 00:06:52 Control_Box auth.info sshd[242]: Received disconnect from 172.29.4.59 port 50678:11: disconnected by user
Jan  1 00:06:52 Control_Box auth.info sshd[242]: Disconnected from user root 172.29.4.59 port 50678
Jan  1 00:00:02 Control_Box syslog.info syslogd started: BusyBox v1.35.0
Jan  1 00:00:05 Control_Box auth.info sshd[232]: Server listening on 0.0.0.0 port 22.
Jan  1 00:00:07 Control_Box daemon.info : starting pid 236, tty '': '-/bin/sh'
Jan  1 00:00:02 Control_Box syslog.info syslogd started: BusyBox v1.35.0
Jan  1 00:00:05 Control_Box auth.info sshd[232]: Server listening on 0.0.0.0 port 22.
Jan  1 00:00:07 Control_Box daemon.info : starting pid 236, tty '': '-/bin/sh'
Jan  1 00:00:54 Control_Box auth.err sshd[239]: error: Could not get shadow information for root
Jan  1 00:00:56 Control_Box auth.info sshd[239]: Accepted password for root from 172.29.4.59 port 33860 ssh2
Jan  1 00:00:57 Control_Box auth.info sshd[239]: Received disconnect from 172.29.4.59 port 33860:11: disconnected by user
Jan  1 00:00:57 Control_Box auth.info sshd[239]: Disconnected from user root 172.29.4.59 port 33860
Jan  1 00:01:03 Control_Box daemon.info : The system is going down NOW!
Jan  1 00:01:03 Control_Box syslog.info syslogd exiting
                                                                                                                                                                                                                                              Jan  1 00:00:02 Control_Box syslog.info syslogd started: BusyBox v1.35.0
Jan  1 00:00:05 Control_Box auth.info sshd[236]: Server listening on 0.0.0.0 port 22.
Jan  1 00:00:07 Control_Box daemon.info : starting pid 240, tty '': '-/bin/sh'
Jan  1 00:34:53 Control_Box auth.err sshd[243]: error: Could not get shadow information for root
Jan  1 00:34:55 Control_Box auth.info sshd[243]: Accepted password for root from 172.29.4.59 port 33802 ssh2
Jan  1 00:34:56 Control_Box auth.info sshd[243]: Received disconnect from 172.29.4.59 port 33802:11: disconnected by user
Jan  1 00:34:56 Control_Box auth.info sshd[243]: Disconnected from user root 172.29.4.59 port 33802
Jan  1 00:00:02 Control_Box syslog.info syslogd started: BusyBox v1.35.0
Jan  1 00:00:05 Control_Box auth.info sshd[232]: Server listening on 0.0.0.0 port 22.
Jan  1 00:00:07 Control_Box daemon.info : starting pid 236, tty '': '-/bin/sh'
Jan  1 00:00:51 Control_Box auth.err sshd[239]: error: Could not get shadow information for root
Jan  1 00:00:54 Control_Box auth.info sshd[239]: Accepted password for root from 172.29.4.59 port 36114 ssh2
Jan  1 00:00:55 Control_Box auth.info sshd[239]: Received disconnect from 172.29.4.59 port 36114:11: disconnected by user
Jan  1 00:00:55 Control_Box auth.info sshd[239]: Disconnected from user root 172.29.4.59 port 36114
Jan  1 00:00:02 Control_Box syslog.info syslogd started: BusyBox v1.35.0
Jan  1 00:00:05 Control_Box auth.info sshd[238]: Server listening on 0.0.0.0 port 22.
Jan  1 00:00:07 Control_Box daemon.info : starting pid 242, tty '': '-/bin/sh'
Jan  1 00:00:32 Control_Box auth.err sshd[245]: error: Could not get shadow information for root
Jan  1 00:00:34 Control_Box auth.info sshd[245]: Accepted password for root from 172.29.4.59 port 38892 ssh2
Jan  1 00:00:35 Control_Box auth.info sshd[245]: Received disconnect from 172.29.4.59 port 38892:11: disconnected by user
Jan  1 00:00:35 Control_Box auth.info sshd[245]: Disconnected from user root 172.29.4.59 port 38892
Jan  1 00:00:02 Control_Box syslog.info syslogd started: BusyBox v1.35.0
Jan  1 00:00:05 Control_Box auth.info sshd[239]: Server listening on 0.0.0.0 port 22.
Jan  1 00:00:07 Control_Box daemon.info : starting pid 243, tty '': '-/bin/sh'
Jan  1 00:00:31 Control_Box auth.err sshd[245]: error: Could not get shadow information for root
Jan  1 00:00:33 Control_Box auth.info sshd[245]: Accepted password for root from 172.29.4.59 port 51136 ssh2
Jan  1 00:00:35 Control_Box auth.info sshd[245]: Received disconnect from 172.29.4.59 port 51136:11: disconnected by user
Jan  1 00:00:35 Control_Box auth.info sshd[245]: Disconnected from user root 172.29.4.59 port 51136
Jan  1 00:00:02 Control_Box syslog.info syslogd started: BusyBox v1.35.0
Jan  1 00:00:05 Control_Box auth.info sshd[234]: Server listening on 0.0.0.0 port 22.
Jan  1 00:00:07 Control_Box daemon.info : starting pid 238, tty '': '-/bin/sh'
Jan  1 00:00:02 Control_Box syslog.info syslogd started: BusyBox v1.35.0
Jan  1 00:00:05 Control_Box auth.info sshd[234]: Server listening on 0.0.0.0 port 22.
Jan  1 00:00:07 Control_Box daemon.info : starting pid 238, tty '': '-/bin/sh'
Jan  1 00:01:13 Control_Box auth.err sshd[248]: error: Could not get shadow information for root
Jan  1 00:01:15 Control_Box auth.info sshd[248]: Accepted password for root from 172.29.4.59 port 48336 ssh2
Jan  1 00:01:16 Control_Box auth.info sshd[248]: Received disconnect from 172.29.4.59 port 48336:11: disconnected by user
Jan  1 00:01:16 Control_Box auth.info sshd[248]: Disconnected from user root 172.29.4.59 port 48336
Jan  1 00:01:39 Control_Box auth.err sshd[252]: error: Could not get shadow information for root
Jan  1 00:01:41 Control_Box auth.info sshd[252]: Accepted password for root from 172.29.4.59 port 43104 ssh2
Jan  1 00:01:41 Control_Box auth.info sshd[252]: Received disconnect from 172.29.4.59 port 43104:11: disconnected by user
Jan  1 00:01:41 Control_Box auth.info sshd[252]: Disconnected from user root 172.29.4.59 port 43104
Jan  1 00:02:02 Control_Box daemon.info : The system is going down NOW!
Jan  1 00:02:02 Control_Box syslog.info syslogd exiting
Jan  1 00:00:02 Control_Box syslog.info syslogd started: BusyBox v1.35.0
Jan  1 00:00:05 Control_Box auth.info sshd[235]: Server listening on 0.0.0.0 port 22.
Jan  1 00:00:07 Control_Box daemon.info : starting pid 239, tty '': '-/bin/sh'
Jan  1 00:00:10 Control_Box auth.err sshd[241]: error: Could not get shadow information for root
Jan  1 00:00:13 Control_Box auth.info sshd[241]: Accepted password for root from 172.29.4.59 port 42324 ssh2
Jan  1 00:00:13 Control_Box auth.info sshd[244]: lastlog_openseek: Couldn't stat /var/log/lastlog: No such file or directory
Jan  1 00:00:13 Control_Box auth.info sshd[244]: lastlog_openseek: Couldn't stat /var/log/lastlog: No such file or directory
Jan  1 00:00:02 Control_Box syslog.info syslogd started: BusyBox v1.35.0
Jan  1 00:00:05 Control_Box auth.info sshd[234]: Server listening on 0.0.0.0 port 22.
Jan  1 00:00:07 Control_Box daemon.info : starting pid 238, tty '': '-/bin/sh'
Jan  1 00:00:02 Control_Box syslog.info syslogd started: BusyBox v1.35.0
Jan  1 00:00:05 Control_Box auth.info sshd[233]: Server listening on 0.0.0.0 port 22.
Jan  1 00:00:07 Control_Box daemon.info : starting pid 237, tty '': '-/bin/sh'
Jan  1 00:00:02 Control_Box syslog.info syslogd started: BusyBox v1.35.0
Jan  1 00:00:05 Control_Box auth.info sshd[228]: Server listening on 0.0.0.0 port 22.
Jan  1 00:00:07 Control_Box daemon.info : starting pid 232, tty '': '-/bin/sh'
Jan  1 00:02:52 Control_Box auth.err sshd[239]: error: Could not get shadow information for root
Jan  1 00:02:54 Control_Box auth.info sshd[239]: Accepted password for root from 172.29.4.59 port 56188 ssh2
Jan  1 00:02:55 Control_Box auth.info sshd[239]: Received disconnect from 172.29.4.59 port 56188:11: disconnected by user
Jan  1 00:02:55 Control_Box auth.info sshd[239]: Disconnected from user root 172.29.4.59 port 56188
Jan  1 00:00:02 Control_Box syslog.info syslogd started: BusyBox v1.35.0
Jan  1 00:00:05 Control_Box auth.info sshd[236]: Server listening on 0.0.0.0 port 22.
Jan  1 00:00:07 Control_Box daemon.info : starting pid 240, tty '': '-/bin/sh'
Jan  1 00:00:02 Control_Box syslog.info syslogd started: BusyBox v1.35.0
Jan  1 00:00:05 Control_Box auth.info sshd[223]: Server listening on 0.0.0.0 port 22.
Jan  1 00:00:07 Control_Box daemon.info : starting pid 227, tty '': '-/bin/sh'
Jan  1 00:00:02 Control_Box syslog.info syslogd started: BusyBox v1.35.0
Jan  1 00:00:05 Control_Box auth.info sshd[218]: Server listening on 0.0.0.0 port 22.
Jan  1 00:00:07 Control_Box daemon.info : starting pid 222, tty '': '-/bin/sh'
Jan  1 00:00:02 Control_Box syslog.info syslogd started: BusyBox v1.35.0
Jan  1 00:00:05 Control_Box auth.info sshd[223]: Server listening on 0.0.0.0 port 22.
Jan  1 00:00:07 Control_Box daemon.info : starting pid 227, tty '': '-/bin/sh'
Jan  1 00:00:02 Control_Box syslog.info syslogd started: BusyBox v1.35.0
Jan  1 00:00:06 Control_Box auth.info sshd[217]: Server listening on 0.0.0.0 port 22.
Jan  1 00:00:07 Control_Box daemon.info : starting pid 221, tty '': '-/bin/sh'
Jan  1 00:00:02 Control_Box syslog.info syslogd started: BusyBox v1.35.0
Jan  1 00:00:05 Control_Box auth.info sshd[217]: Server listening on 0.0.0.0 port 22.
Jan  1 00:00:07 Control_Box daemon.info : starting pid 221, tty '': '-/bin/sh'
Jan  1 00:00:02 Control_Box syslog.info syslogd started: BusyBox v1.35.0
Jan  1 00:00:05 Control_Box auth.info sshd[220]: Server listening on 0.0.0.0 port 22.
Jan  1 00:00:07 Control_Box daemon.info : starting pid 224, tty '': '-/bin/sh'
Jan  1 00:00:02 Control_Box syslog.info syslogd started: BusyBox v1.35.0
Jan  1 00:00:05 Control_Box auth.info sshd[224]: Server listening on 0.0.0.0 port 22.
Jan  1 00:00:07 Control_Box daemon.info : starting pid 228, tty '': '-/bin/sh'
Jan  1 00:00:02 Control_Box syslog.info syslogd started: BusyBox v1.35.0
Jan  1 00:00:05 Control_Box auth.info sshd[222]: Server listening on 0.0.0.0 port 22.
Jan  1 00:00:07 Control_Box daemon.info : starting pid 226, tty '': '-/bin/sh'
Jan  1 00:01:21 Control_Box auth.err sshd[237]: error: Could not get shadow information for root
Jan  1 00:01:23 Control_Box auth.info sshd[237]: Accepted password for root from 172.29.4.59 port 55384 ssh2
Jan  1 00:01:24 Control_Box auth.info sshd[237]: Received disconnect from 172.29.4.59 port 55384:11: disconnected by user
Jan  1 00:01:24 Control_Box auth.info sshd[237]: Disconnected from user root 172.29.4.59 port 55384
Jan  1 00:01:50 Control_Box auth.err sshd[241]: error: Could not get shadow information for root
Jan  1 00:01:51 Control_Box auth.info sshd[241]: Accepted password for root from 172.29.4.59 port 56012 ssh2
Jan  1 00:01:51 Control_Box auth.info sshd[241]: Received disconnect from 172.29.4.59 port 56012:11: disconnected by user
Jan  1 00:01:51 Control_Box auth.info sshd[241]: Disconnected from user root 172.29.4.59 port 56012
Jan  1 00:00:02 Control_Box syslog.info syslogd started: BusyBox v1.35.0
Jan  1 00:00:05 Control_Box auth.info sshd[222]: Server listening on 0.0.0.0 port 22.
Jan  1 00:00:07 Control_Box daemon.info : starting pid 226, tty '': '-/bin/sh'
Jan  1 00:00:02 Control_Box syslog.info syslogd started: BusyBox v1.35.0
Jan  1 00:00:05 Control_Box auth.info sshd[218]: Server listening on 0.0.0.0 port 22.
Jan  1 00:00:07 Control_Box daemon.info : starting pid 222, tty '': '-/bin/sh'
Jan  1 00:00:02 Control_Box syslog.info syslogd started: BusyBox v1.35.0
Jan  1 00:00:05 Control_Box auth.info sshd[216]: Server listening on 0.0.0.0 port 22.
Jan  1 00:00:07 Control_Box daemon.info : starting pid 220, tty '': '-/bin/sh'
Jan  1 00:02:44 Control_Box auth.err sshd[234]: error: Could not get shadow information for root
Jan  1 00:02:46 Control_Box auth.info sshd[234]: Accepted password for root from 172.29.4.59 port 36278 ssh2
Jan  1 00:02:46 Control_Box auth.info sshd[234]: Received disconnect from 172.29.4.59 port 36278:11: disconnected by user
Jan  1 00:02:46 Control_Box auth.info sshd[234]: Disconnected from user root 172.29.4.59 port 36278
Jan  1 00:03:00 Control_Box daemon.info : The system is going down NOW!
Jan  1 00:03:00 Control_Box syslog.info syslogd exiting
Jan  1 00:00:02 Control_Box syslog.info syslogd started: BusyBox v1.35.0
